Archive member included to satisfy reference by file (symbol)

c:/st/stm32cubeide_1.3.0/stm32cubeide/plugins/com.st.stm32cube.ide.mcu.externaltools.gnu-tools-for-stm32.7-2018-q2-update.win32_1.4.0.202007081208/tools/bin/../lib/gcc/arm-none-eabi/7.3.1/../../../../arm-none-eabi/lib/thumb/v7e-m/fpv4-sp/hard\libc_nano.a(lib_a-errno.o)
                              Core/Src/syscalls.o (__errno)
c:/st/stm32cubeide_1.3.0/stm32cubeide/plugins/com.st.stm32cube.ide.mcu.externaltools.gnu-tools-for-stm32.7-2018-q2-update.win32_1.4.0.202007081208/tools/bin/../lib/gcc/arm-none-eabi/7.3.1/../../../../arm-none-eabi/lib/thumb/v7e-m/fpv4-sp/hard\libc_nano.a(lib_a-exit.o)
                              c:/st/stm32cubeide_1.3.0/stm32cubeide/plugins/com.st.stm32cube.ide.mcu.externaltools.gnu-tools-for-stm32.7-2018-q2-update.win32_1.4.0.202007081208/tools/bin/../lib/gcc/arm-none-eabi/7.3.1/../../../../arm-none-eabi/lib/thumb/v7e-m/fpv4-sp/hard/crt0.o (exit)
c:/st/stm32cubeide_1.3.0/stm32cubeide/plugins/com.st.stm32cube.ide.mcu.externaltools.gnu-tools-for-stm32.7-2018-q2-update.win32_1.4.0.202007081208/tools/bin/../lib/gcc/arm-none-eabi/7.3.1/../../../../arm-none-eabi/lib/thumb/v7e-m/fpv4-sp/hard\libc_nano.a(lib_a-impure.o)
                              c:/st/stm32cubeide_1.3.0/stm32cubeide/plugins/com.st.stm32cube.ide.mcu.externaltools.gnu-tools-for-stm32.7-2018-q2-update.win32_1.4.0.202007081208/tools/bin/../lib/gcc/arm-none-eabi/7.3.1/../../../../arm-none-eabi/lib/thumb/v7e-m/fpv4-sp/hard\libc_nano.a(lib_a-exit.o) (_global_impure_ptr)
c:/st/stm32cubeide_1.3.0/stm32cubeide/plugins/com.st.stm32cube.ide.mcu.externaltools.gnu-tools-for-stm32.7-2018-q2-update.win32_1.4.0.202007081208/tools/bin/../lib/gcc/arm-none-eabi/7.3.1/../../../../arm-none-eabi/lib/thumb/v7e-m/fpv4-sp/hard\libc_nano.a(lib_a-init.o)
                              c:/st/stm32cubeide_1.3.0/stm32cubeide/plugins/com.st.stm32cube.ide.mcu.externaltools.gnu-tools-for-stm32.7-2018-q2-update.win32_1.4.0.202007081208/tools/bin/../lib/gcc/arm-none-eabi/7.3.1/../../../../arm-none-eabi/lib/thumb/v7e-m/fpv4-sp/hard/crt0.o (__libc_init_array)
c:/st/stm32cubeide_1.3.0/stm32cubeide/plugins/com.st.stm32cube.ide.mcu.externaltools.gnu-tools-for-stm32.7-2018-q2-update.win32_1.4.0.202007081208/tools/bin/../lib/gcc/arm-none-eabi/7.3.1/../../../../arm-none-eabi/lib/thumb/v7e-m/fpv4-sp/hard\libc_nano.a(lib_a-memset.o)
                              c:/st/stm32cubeide_1.3.0/stm32cubeide/plugins/com.st.stm32cube.ide.mcu.externaltools.gnu-tools-for-stm32.7-2018-q2-update.win32_1.4.0.202007081208/tools/bin/../lib/gcc/arm-none-eabi/7.3.1/../../../../arm-none-eabi/lib/thumb/v7e-m/fpv4-sp/hard/crt0.o (memset)
c:/st/stm32cubeide_1.3.0/stm32cubeide/plugins/com.st.stm32cube.ide.mcu.externaltools.gnu-tools-for-stm32.7-2018-q2-update.win32_1.4.0.202007081208/tools/bin/../lib/gcc/arm-none-eabi/7.3.1/thumb/v7e-m/fpv4-sp/hard\libgcc.a(_aeabi_uldivmod.o)
                              Drivers/STM32F4xx_HAL_Driver/Src/stm32f4xx_hal_rcc.o (__aeabi_uldivmod)
c:/st/stm32cubeide_1.3.0/stm32cubeide/plugins/com.st.stm32cube.ide.mcu.externaltools.gnu-tools-for-stm32.7-2018-q2-update.win32_1.4.0.202007081208/tools/bin/../lib/gcc/arm-none-eabi/7.3.1/thumb/v7e-m/fpv4-sp/hard\libgcc.a(_udivmoddi4.o)
                              c:/st/stm32cubeide_1.3.0/stm32cubeide/plugins/com.st.stm32cube.ide.mcu.externaltools.gnu-tools-for-stm32.7-2018-q2-update.win32_1.4.0.202007081208/tools/bin/../lib/gcc/arm-none-eabi/7.3.1/thumb/v7e-m/fpv4-sp/hard\libgcc.a(_aeabi_uldivmod.o) (__udivmoddi4)
c:/st/stm32cubeide_1.3.0/stm32cubeide/plugins/com.st.stm32cube.ide.mcu.externaltools.gnu-tools-for-stm32.7-2018-q2-update.win32_1.4.0.202007081208/tools/bin/../lib/gcc/arm-none-eabi/7.3.1/thumb/v7e-m/fpv4-sp/hard\libgcc.a(_dvmd_tls.o)
                              c:/st/stm32cubeide_1.3.0/stm32cubeide/plugins/com.st.stm32cube.ide.mcu.externaltools.gnu-tools-for-stm32.7-2018-q2-update.win32_1.4.0.202007081208/tools/bin/../lib/gcc/arm-none-eabi/7.3.1/thumb/v7e-m/fpv4-sp/hard\libgcc.a(_aeabi_uldivmod.o) (__aeabi_ldiv0)

Allocating common symbols
Common symbol       size              file

uwTick              0x4               Drivers/STM32F4xx_HAL_Driver/Src/stm32f4xx_hal.o
pFlash              0x20              Drivers/STM32F4xx_HAL_Driver/Src/stm32f4xx_hal_flash.o

Discarded input sections

 .text          0x0000000000000000        0x0 c:/st/stm32cubeide_1.3.0/stm32cubeide/plugins/com.st.stm32cube.ide.mcu.externaltools.gnu-tools-for-stm32.7-2018-q2-update.win32_1.4.0.202007081208/tools/bin/../lib/gcc/arm-none-eabi/7.3.1/thumb/v7e-m/fpv4-sp/hard/crti.o
 .data          0x0000000000000000        0x0 c:/st/stm32cubeide_1.3.0/stm32cubeide/plugins/com.st.stm32cube.ide.mcu.externaltools.gnu-tools-for-stm32.7-2018-q2-update.win32_1.4.0.202007081208/tools/bin/../lib/gcc/arm-none-eabi/7.3.1/thumb/v7e-m/fpv4-sp/hard/crti.o
[...]
Memory Configuration

Name             Origin             Length             Attributes
RAM              0x0000000020000000 0x0000000000018000 xrw
FLASH            0x0000000008000000 0x0000000000080000 xr
*default*        0x0000000000000000 0xffffffffffffffff

Linker script and memory map

LOAD c:/st/stm32cubeide_1.3.0/stm32cubeide/plugins/com.st.stm32cube.ide.mcu.externaltools.gnu-tools-for-stm32.7-2018-q2-update.win32_1.4.0.202007081208/tools/bin/../lib/gcc/arm-none-eabi/7.3.1/thumb/v7e-m/fpv4-sp/hard/crti.o
LOAD c:/st/stm32cubeide_1.3.0/stm32cubeide/plugins/com.st.stm32cube.ide.mcu.externaltools.gnu-tools-for-stm32.7-2018-q2-update.win32_1.4.0.202007081208/tools/bin/../lib/gcc/arm-none-eabi/7.3.1/thumb/v7e-m/fpv4-sp/hard/crtbegin.o
LOAD c:/st/stm32cubeide_1.3.0/stm32cubeide/plugins/com.st.stm32cube.ide.mcu.externaltools.gnu-tools-for-stm32.7-2018-q2-update.win32_1.4.0.202007081208/tools/bin/../lib/gcc/arm-none-eabi/7.3.1/../../../../arm-none-eabi/lib/thumb/v7e-m/fpv4-sp/hard/crt0.o
LOAD Core/Src/main.o
LOAD Core/Src/stm32f4xx_hal_msp.o
LOAD Core/Src/stm32f4xx_it.o
LOAD Core/Src/syscalls.o
LOAD Core/Src/sysmem.o
LOAD Core/Src/system_stm32f4xx.o
LOAD Core/Startup/startup_stm32f401retx.o
LOAD Drivers/STM32F4xx_HAL_Driver/Src/stm32f4xx_hal.o
LOAD Drivers/STM32F4xx_HAL_Driver/Src/stm32f4xx_hal_cortex.o
LOAD Drivers/STM32F4xx_HAL_Driver/Src/stm32f4xx_hal_dma.o
LOAD Drivers/STM32F4xx_HAL_Driver/Src/stm32f4xx_hal_dma_ex.o
LOAD Drivers/STM32F4xx_HAL_Driver/Src/stm32f4xx_hal_exti.o
LOAD Drivers/STM32F4xx_HAL_Driver/Src/stm32f4xx_hal_flash.o
LOAD Drivers/STM32F4xx_HAL_Driver/Src/stm32f4xx_hal_flash_ex.o
LOAD Drivers/STM32F4xx_HAL_Driver/Src/stm32f4xx_hal_flash_ramfunc.o
LOAD Drivers/STM32F4xx_HAL_Driver/Src/stm32f4xx_hal_gpio.o
LOAD Drivers/STM32F4xx_HAL_Driver/Src/stm32f4xx_hal_pwr.o
LOAD Drivers/STM32F4xx_HAL_Driver/Src/stm32f4xx_hal_pwr_ex.o
LOAD Drivers/STM32F4xx_HAL_Driver/Src/stm32f4xx_hal_rcc.o
LOAD Drivers/STM32F4xx_HAL_Driver/Src/stm32f4xx_hal_rcc_ex.o
LOAD Drivers/STM32F4xx_HAL_Driver/Src/stm32f4xx_hal_tim.o
LOAD Drivers/STM32F4xx_HAL_Driver/Src/stm32f4xx_hal_tim_ex.o
LOAD LIB/keypad.o
LOAD LIB/lcd.o
LOAD LIB/stmf32f401re.o
START GROUP
LOAD c:/st/stm32cubeide_1.3.0/stm32cubeide/plugins/com.st.stm32cube.ide.mcu.externaltools.gnu-tools-for-stm32.7-2018-q2-update.win32_1.4.0.202007081208/tools/bin/../lib/gcc/arm-none-eabi/7.3.1/../../../../arm-none-eabi/lib/thumb/v7e-m/fpv4-sp/hard\libc_nano.a
LOAD c:/st/stm32cubeide_1.3.0/stm32cubeide/plugins/com.st.stm32cube.ide.mcu.externaltools.gnu-tools-for-stm32.7-2018-q2-update.win32_1.4.0.202007081208/tools/bin/../lib/gcc/arm-none-eabi/7.3.1/../../../../arm-none-eabi/lib/thumb/v7e-m/fpv4-sp/hard\libm.a
END GROUP
START GROUP
LOAD c:/st/stm32cubeide_1.3.0/stm32cubeide/plugins/com.st.stm32cube.ide.mcu.externaltools.gnu-tools-for-stm32.7-2018-q2-update.win32_1.4.0.202007081208/tools/bin/../lib/gcc/arm-none-eabi/7.3.1/thumb/v7e-m/fpv4-sp/hard\libgcc.a
LOAD c:/st/stm32cubeide_1.3.0/stm32cubeide/plugins/com.st.stm32cube.ide.mcu.externaltools.gnu-tools-for-stm32.7-2018-q2-update.win32_1.4.0.202007081208/tools/bin/../lib/gcc/arm-none-eabi/7.3.1/../../../../arm-none-eabi/lib/thumb/v7e-m/fpv4-sp/hard\libc_nano.a
END GROUP
START GROUP
LOAD c:/st/stm32cubeide_1.3.0/stm32cubeide/plugins/com.st.stm32cube.ide.mcu.externaltools.gnu-tools-for-stm32.7-2018-q2-update.win32_1.4.0.202007081208/tools/bin/../lib/gcc/arm-none-eabi/7.3.1/thumb/v7e-m/fpv4-sp/hard\libgcc.a
LOAD c:/st/stm32cubeide_1.3.0/stm32cubeide/plugins/com.st.stm32cube.ide.mcu.externaltools.gnu-tools-for-stm32.7-2018-q2-update.win32_1.4.0.202007081208/tools/bin/../lib/gcc/arm-none-eabi/7.3.1/../../../../arm-none-eabi/lib/thumb/v7e-m/fpv4-sp/hard\libc_nano.a
LOAD c:/st/stm32cubeide_1.3.0/stm32cubeide/plugins/com.st.stm32cube.ide.mcu.externaltools.gnu-tools-for-stm32.7-2018-q2-update.win32_1.4.0.202007081208/tools/bin/../lib/gcc/arm-none-eabi/7.3.1/../../../../arm-none-eabi/lib/thumb/v7e-m/fpv4-sp/hard\libnosys.a
END GROUP
START GROUP
LOAD c:/st/stm32cubeide_1.3.0/stm32cubeide/plugins/com.st.stm32cube.ide.mcu.externaltools.gnu-tools-for-stm32.7-2018-q2-update.win32_1.4.0.202007081208/tools/bin/../lib/gcc/arm-none-eabi/7.3.1/thumb/v7e-m/fpv4-sp/hard\libgcc.a
LOAD c:/st/stm32cubeide_1.3.0/stm32cubeide/plugins/com.st.stm32cube.ide.mcu.externaltools.gnu-tools-for-stm32.7-2018-q2-update.win32_1.4.0.202007081208/tools/bin/../lib/gcc/arm-none-eabi/7.3.1/../../../../arm-none-eabi/lib/thumb/v7e-m/fpv4-sp/hard\libc_nano.a
LOAD c:/st/stm32cubeide_1.3.0/stm32cubeide/plugins/com.st.stm32cube.ide.mcu.externaltools.gnu-tools-for-stm32.7-2018-q2-update.win32_1.4.0.202007081208/tools/bin/../lib/gcc/arm-none-eabi/7.3.1/../../../../arm-none-eabi/lib/thumb/v7e-m/fpv4-sp/hard\libnosys.a
END GROUP
LOAD c:/st/stm32cubeide_1.3.0/stm32cubeide/plugins/com.st.stm32cube.ide.mcu.externaltools.gnu-tools-for-stm32.7-2018-q2-update.win32_1.4.0.202007081208/tools/bin/../lib/gcc/arm-none-eabi/7.3.1/thumb/v7e-m/fpv4-sp/hard/crtend.o
LOAD c:/st/stm32cubeide_1.3.0/stm32cubeide/plugins/com.st.stm32cube.ide.mcu.externaltools.gnu-tools-for-stm32.7-2018-q2-update.win32_1.4.0.202007081208/tools/bin/../lib/gcc/arm-none-eabi/7.3.1/thumb/v7e-m/fpv4-sp/hard/crtn.o
                0x0000000020018000                _estack = (ORIGIN (RAM) + LENGTH (RAM))
                0x0000000000000200                _Min_Heap_Size = 0x200
                0x0000000000000400                _Min_Stack_Size = 0x400

.isr_vector     0x0000000008000000      0x194
                0x0000000008000000                . = ALIGN (0x4)
 *(.isr_vector)
 .isr_vector    0x0000000008000000      0x194 Core/Startup/startup_stm32f401retx.o
                0x0000000008000000                g_pfnVectors
                0x0000000008000194                . = ALIGN (0x4)

.text           0x0000000008000194     0x1b44
                0x0000000008000194                . = ALIGN (0x4)
 *(.text)
 .text          0x0000000008000194       0x40 c:/st/stm32cubeide_1.3.0/stm32cubeide/plugins/com.st.stm32cube.ide.mcu.externaltools.gnu-tools-for-stm32.7-2018-q2-update.win32_1.4.0.202007081208/tools/bin/../lib/gcc/arm-none-eabi/7.3.1/thumb/v7e-m/fpv4-sp/hard/crtbegin.o
 .text          0x00000000080001d4       0x30 c:/st/stm32cubeide_1.3.0/stm32cubeide/plugins/com.st.stm32cube.ide.mcu.externaltools.gnu-tools-for-stm32.7-2018-q2-update.win32_1.4.0.202007081208/tools/bin/../lib/gcc/arm-none-eabi/7.3.1/thumb/v7e-m/fpv4-sp/hard\libgcc.a(_aeabi_uldivmod.o)
                0x00000000080001d4                __aeabi_uldivmod
 .text          0x0000000008000204      0x2cc c:/st/stm32cubeide_1.3.0/stm32cubeide/plugins/com.st.stm32cube.ide.mcu.externaltools.gnu-tools-for-stm32.7-2018-q2-update.win32_1.4.0.202007081208/tools/bin/../lib/gcc/arm-none-eabi/7.3.1/thumb/v7e-m/fpv4-sp/hard\libgcc.a(_udivmoddi4.o)
                0x0000000008000204                __udivmoddi4
 .text          0x00000000080004d0        0x4 c:/st/stm32cubeide_1.3.0/stm32cubeide/plugins/com.st.stm32cube.ide.mcu.externaltools.gnu-tools-for-stm32.7-2018-q2-update.win32_1.4.0.202007081208/tools/bin/../lib/gcc/arm-none-eabi/7.3.1/thumb/v7e-m/fpv4-sp/hard\libgcc.a(_dvmd_tls.o)
                0x00000000080004d0                __aeabi_idiv0
                0x00000000080004d0                __aeabi_ldiv0
 *(.text*)
 .text.main     0x00000000080004d4       0x90 Core/Src/main.o
                0x00000000080004d4                main
 .text.SystemClock_Config
                0x0000000008000564       0xc0 Core/Src/main.o
                0x0000000008000564                SystemClock_Config
 .text.Error_Handler
                0x0000000008000624        0xe Core/Src/main.o
                0x0000000008000624                Error_Handler
 *fill*         0x0000000008000632        0x2 
 .text.HAL_MspInit
                0x0000000008000634       0x50 Core/Src/stm32f4xx_hal_msp.o
                0x0000000008000634                HAL_MspInit
 .text.NMI_Handler
                0x0000000008000684        0xe Core/Src/stm32f4xx_it.o
                0x0000000008000684                NMI_Handler
 .text.HardFault_Handler
                0x0000000008000692        0x6 Core/Src/stm32f4xx_it.o
                0x0000000008000692                HardFault_Handler
 .text.MemManage_Handler
                0x0000000008000698        0x6 Core/Src/stm32f4xx_it.o
                0x0000000008000698                MemManage_Handler
 .text.BusFault_Handler
                0x000000000800069e        0x6 Core/Src/stm32f4xx_it.o
                0x000000000800069e                BusFault_Handler
 .text.UsageFault_Handler
                0x00000000080006a4        0x6 Core/Src/stm32f4xx_it.o
                0x00000000080006a4                UsageFault_Handler
 .text.SVC_Handler
                0x00000000080006aa        0xe Core/Src/stm32f4xx_it.o
                0x00000000080006aa                SVC_Handler
 .text.DebugMon_Handler
                0x00000000080006b8        0xe Core/Src/stm32f4xx_it.o
                0x00000000080006b8                DebugMon_Handler
 .text.PendSV_Handler
                0x00000000080006c6        0xe Core/Src/stm32f4xx_it.o
                0x00000000080006c6                PendSV_Handler
 .text.SysTick_Handler
                0x00000000080006d4        0xc Core/Src/stm32f4xx_it.o
                0x00000000080006d4                SysTick_Handler
 .text.SystemInit
                0x00000000080006e0       0x2c Core/Src/system_stm32f4xx.o
                0x00000000080006e0                SystemInit
 .text.Reset_Handler
                0x000000000800070c       0x50 Core/Startup/startup_stm32f401retx.o
                0x000000000800070c                Reset_Handler
 .text.Default_Handler
                0x000000000800075c        0x2 Core/Startup/startup_stm32f401retx.o
                0x000000000800075c                RTC_Alarm_IRQHandler
                0x000000000800075c                EXTI2_IRQHandler
                0x000000000800075c                SPI4_IRQHandler
                0x000000000800075c                TIM1_CC_IRQHandler
                0x000000000800075c                DMA2_Stream5_IRQHandler
                0x000000000800075c                DMA1_Stream5_IRQHandler
                0x000000000800075c                PVD_IRQHandler
                0x000000000800075c                SDIO_IRQHandler
                0x000000000800075c                TAMP_STAMP_IRQHandler
                0x000000000800075c                EXTI3_IRQHandler
                0x000000000800075c                TIM1_UP_TIM10_IRQHandler
                0x000000000800075c                I2C3_ER_IRQHandler
                0x000000000800075c                EXTI0_IRQHandler
                0x000000000800075c                I2C2_EV_IRQHandler
                0x000000000800075c                DMA1_Stream2_IRQHandler
                0x000000000800075c                FPU_IRQHandler
                0x000000000800075c                DMA2_Stream2_IRQHandler
                0x000000000800075c                SPI1_IRQHandler
                0x000000000800075c                TIM1_BRK_TIM9_IRQHandler
                0x000000000800075c                DMA2_Stream3_IRQHandler
                0x000000000800075c                USART6_IRQHandler
                0x000000000800075c                DMA2_Stream0_IRQHandler
                0x000000000800075c                TIM4_IRQHandler
                0x000000000800075c                I2C1_EV_IRQHandler
                0x000000000800075c                DMA1_Stream6_IRQHandler
                0x000000000800075c                DMA1_Stream1_IRQHandler
                0x000000000800075c                TIM3_IRQHandler
                0x000000000800075c                RCC_IRQHandler
                0x000000000800075c                Default_Handler
                0x000000000800075c                EXTI15_10_IRQHandler
                0x000000000800075c                ADC_IRQHandler
                0x000000000800075c                DMA1_Stream7_IRQHandler
                0x000000000800075c                TIM5_IRQHandler
                0x000000000800075c                DMA2_Stream7_IRQHandler
                0x000000000800075c                I2C3_EV_IRQHandler
                0x000000000800075c                EXTI9_5_IRQHandler
                0x000000000800075c                RTC_WKUP_IRQHandler
                0x000000000800075c                SPI2_IRQHandler
                0x000000000800075c                DMA1_Stream0_IRQHandler
                0x000000000800075c                EXTI4_IRQHandler
                0x000000000800075c                WWDG_IRQHandler
                0x000000000800075c                TIM2_IRQHandler
                0x000000000800075c                OTG_FS_WKUP_IRQHandler
                0x000000000800075c                TIM1_TRG_COM_TIM11_IRQHandler
                0x000000000800075c                EXTI1_IRQHandler
                0x000000000800075c                USART2_IRQHandler
                0x000000000800075c                I2C2_ER_IRQHandler
                0x000000000800075c                DMA2_Stream1_IRQHandler
                0x000000000800075c                FLASH_IRQHandler
                0x000000000800075c                DMA2_Stream4_IRQHandler
                0x000000000800075c                USART1_IRQHandler
                0x000000000800075c                OTG_FS_IRQHandler
                0x000000000800075c                SPI3_IRQHandler
                0x000000000800075c                DMA1_Stream4_IRQHandler
                0x000000000800075c                I2C1_ER_IRQHandler
                0x000000000800075c                DMA2_Stream6_IRQHandler
                0x000000000800075c                DMA1_Stream3_IRQHandler
 *fill*         0x000000000800075e        0x2 
 .text.HAL_Init
                0x0000000008000760       0x44 Drivers/STM32F4xx_HAL_Driver/Src/stm32f4xx_hal.o
                0x0000000008000760                HAL_Init
 .text.HAL_InitTick
                0x00000000080007a4       0x60 Drivers/STM32F4xx_HAL_Driver/Src/stm32f4xx_hal.o
                0x00000000080007a4                HAL_InitTick
 .text.HAL_IncTick
                0x0000000008000804       0x28 Drivers/STM32F4xx_HAL_Driver/Src/stm32f4xx_hal.o
                0x0000000008000804                HAL_IncTick
 .text.HAL_GetTick
                0x000000000800082c       0x18 Drivers/STM32F4xx_HAL_Driver/Src/stm32f4xx_hal.o
                0x000000000800082c                HAL_GetTick
 .text.HAL_Delay
                0x0000000008000844       0x44 Drivers/STM32F4xx_HAL_Driver/Src/stm32f4xx_hal.o
                0x0000000008000844                HAL_Delay
 .text.__NVIC_SetPriorityGrouping
                0x0000000008000888       0x48 Drivers/STM32F4xx_HAL_Driver/Src/stm32f4xx_hal_cortex.o
 .text.__NVIC_GetPriorityGrouping
                0x00000000080008d0       0x1c Drivers/STM32F4xx_HAL_Driver/Src/stm32f4xx_hal_cortex.o
 .text.__NVIC_SetPriority
                0x00000000080008ec       0x54 Drivers/STM32F4xx_HAL_Driver/Src/stm32f4xx_hal_cortex.o
 .text.NVIC_EncodePriority
                0x0000000008000940       0x66 Drivers/STM32F4xx_HAL_Driver/Src/stm32f4xx_hal_cortex.o
 *fill*         0x00000000080009a6        0x2 
 .text.SysTick_Config
                0x00000000080009a8       0x44 Drivers/STM32F4xx_HAL_Driver/Src/stm32f4xx_hal_cortex.o
 .text.HAL_NVIC_SetPriorityGrouping
                0x00000000080009ec       0x16 Drivers/STM32F4xx_HAL_Driver/Src/stm32f4xx_hal_cortex.o
                0x00000000080009ec                HAL_NVIC_SetPriorityGrouping
 .text.HAL_NVIC_SetPriority
                0x0000000008000a02       0x38 Drivers/STM32F4xx_HAL_Driver/Src/stm32f4xx_hal_cortex.o
                0x0000000008000a02                HAL_NVIC_SetPriority
 .text.HAL_SYSTICK_Config
                0x0000000008000a3a       0x18 Drivers/STM32F4xx_HAL_Driver/Src/stm32f4xx_hal_cortex.o
                0x0000000008000a3a                HAL_SYSTICK_Config
 *fill*         0x0000000008000a52        0x2 
 .text.HAL_RCC_OscConfig
                0x0000000008000a54      0x4e0 Drivers/STM32F4xx_HAL_Driver/Src/stm32f4xx_hal_rcc.o
                0x0000000008000a54                HAL_RCC_OscConfig
 .text.HAL_RCC_ClockConfig
                0x0000000008000f34      0x1cc Drivers/STM32F4xx_HAL_Driver/Src/stm32f4xx_hal_rcc.o
                0x0000000008000f34                HAL_RCC_ClockConfig
 .text.HAL_RCC_GetSysClockFreq
                0x0000000008001100      0x164 Drivers/STM32F4xx_HAL_Driver/Src/stm32f4xx_hal_rcc.o
                0x0000000008001100                HAL_RCC_GetSysClockFreq
 .text.keypad_read
                0x0000000008001264      0x258 LIB/keypad.o
                0x0000000008001264                keypad_read
 .text.lcd_init
                0x00000000080014bc      0x31c LIB/lcd.o
                0x00000000080014bc                lcd_init
 .text.lcd_putc
                0x00000000080017d8      0x190 LIB/lcd.o
                0x00000000080017d8                lcd_putc
 .text.lcd_command
                0x0000000008001968      0x190 LIB/lcd.o
                0x0000000008001968                lcd_command
 .text.lcd_puts
                0x0000000008001af8       0x34 LIB/lcd.o
                0x0000000008001af8                lcd_puts
 .text.lcd_gotoxy
                0x0000000008001b2c       0x6c LIB/lcd.o
                0x0000000008001b2c                lcd_gotoxy
 .text.lcd_clear
                0x0000000008001b98        0xe LIB/lcd.o
                0x0000000008001b98                lcd_clear
 *fill*         0x0000000008001ba6        0x2 
 .text.Led_Init
                0x0000000008001ba8       0x6c LIB/stmf32f401re.o
                0x0000000008001ba8                Led_Init
 .text.Push_Init
                0x0000000008001c14       0x54 LIB/stmf32f401re.o
                0x0000000008001c14                Push_Init
 .text.__libc_init_array
                0x0000000008001c68       0x48 c:/st/stm32cubeide_1.3.0/stm32cubeide/plugins/com.st.stm32cube.ide.mcu.externaltools.gnu-tools-for-stm32.7-2018-q2-update.win32_1.4.0.202007081208/tools/bin/../lib/gcc/arm-none-eabi/7.3.1/../../../../arm-none-eabi/lib/thumb/v7e-m/fpv4-sp/hard\libc_nano.a(lib_a-init.o)
                0x0000000008001c68                __libc_init_array
 .text.memset   0x0000000008001cb0       0x10 c:/st/stm32cubeide_1.3.0/stm32cubeide/plugins/com.st.stm32cube.ide.mcu.externaltools.gnu-tools-for-stm32.7-2018-q2-update.win32_1.4.0.202007081208/tools/bin/../lib/gcc/arm-none-eabi/7.3.1/../../../../arm-none-eabi/lib/thumb/v7e-m/fpv4-sp/hard\libc_nano.a(lib_a-memset.o)
                0x0000000008001cb0                memset
 *(.glue_7)
 .glue_7        0x0000000008001cc0        0x0 linker stubs
 *(.glue_7t)
 .glue_7t       0x0000000008001cc0        0x0 linker stubs
 *(.eh_frame)
 .eh_frame      0x0000000008001cc0        0x0 c:/st/stm32cubeide_1.3.0/stm32cubeide/plugins/com.st.stm32cube.ide.mcu.externaltools.gnu-tools-for-stm32.7-2018-q2-update.win32_1.4.0.202007081208/tools/bin/../lib/gcc/arm-none-eabi/7.3.1/thumb/v7e-m/fpv4-sp/hard/crtbegin.o
 *(.init)
 .init          0x0000000008001cc0        0x4 c:/st/stm32cubeide_1.3.0/stm32cubeide/plugins/com.st.stm32cube.ide.mcu.externaltools.gnu-tools-for-stm32.7-2018-q2-update.win32_1.4.0.202007081208/tools/bin/../lib/gcc/arm-none-eabi/7.3.1/thumb/v7e-m/fpv4-sp/hard/crti.o
                0x0000000008001cc0                _init
 .init          0x0000000008001cc4        0x8 c:/st/stm32cubeide_1.3.0/stm32cubeide/plugins/com.st.stm32cube.ide.mcu.externaltools.gnu-tools-for-stm32.7-2018-q2-update.win32_1.4.0.202007081208/tools/bin/../lib/gcc/arm-none-eabi/7.3.1/thumb/v7e-m/fpv4-sp/hard/crtn.o
 *(.fini)
 .fini          0x0000000008001ccc        0x4 c:/st/stm32cubeide_1.3.0/stm32cubeide/plugins/com.st.stm32cube.ide.mcu.externaltools.gnu-tools-for-stm32.7-2018-q2-update.win32_1.4.0.202007081208/tools/bin/../lib/gcc/arm-none-eabi/7.3.1/thumb/v7e-m/fpv4-sp/hard/crti.o
                0x0000000008001ccc                _fini
 .fini          0x0000000008001cd0        0x8 c:/st/stm32cubeide_1.3.0/stm32cubeide/plugins/com.st.stm32cube.ide.mcu.externaltools.gnu-tools-for-stm32.7-2018-q2-update.win32_1.4.0.202007081208/tools/bin/../lib/gcc/arm-none-eabi/7.3.1/thumb/v7e-m/fpv4-sp/hard/crtn.o
                0x0000000008001cd8                . = ALIGN (0x4)
                0x0000000008001cd8                _etext = .

.vfp11_veneer   0x0000000008001cd8        0x0
 .vfp11_veneer  0x0000000008001cd8        0x0 linker stubs

.v4_bx          0x0000000008001cd8        0x0
 .v4_bx         0x0000000008001cd8        0x0 linker stubs

.iplt           0x0000000008001cd8        0x0
 .iplt          0x0000000008001cd8        0x0 c:/st/stm32cubeide_1.3.0/stm32cubeide/plugins/com.st.stm32cube.ide.mcu.externaltools.gnu-tools-for-stm32.7-2018-q2-update.win32_1.4.0.202007081208/tools/bin/../lib/gcc/arm-none-eabi/7.3.1/thumb/v7e-m/fpv4-sp/hard/crtbegin.o

.rodata         0x0000000008001cd8       0x40
                0x0000000008001cd8                . = ALIGN (0x4)
 *(.rodata)
 .rodata        0x0000000008001cd8       0x20 Core/Src/main.o
 .rodata        0x0000000008001cf8       0x10 LIB/keypad.o
 *(.rodata*)
 .rodata.AHBPrescTable
                0x0000000008001d08       0x10 Core/Src/system_stm32f4xx.o
                0x0000000008001d08                AHBPrescTable
                0x0000000008001d18                . = ALIGN (0x4)

.ARM.extab      0x0000000008001d18        0x0
                0x0000000008001d18                . = ALIGN (0x4)
 *(.ARM.extab* .gnu.linkonce.armextab.*)
                0x0000000008001d18                . = ALIGN (0x4)

.ARM            0x0000000008001d18        0x8
                0x0000000008001d18                . = ALIGN (0x4)
                0x0000000008001d18                __exidx_start = .
 *(.ARM.exidx*)
 .ARM.exidx     0x0000000008001d18        0x8 c:/st/stm32cubeide_1.3.0/stm32cubeide/plugins/com.st.stm32cube.ide.mcu.externaltools.gnu-tools-for-stm32.7-2018-q2-update.win32_1.4.0.202007081208/tools/bin/../lib/gcc/arm-none-eabi/7.3.1/thumb/v7e-m/fpv4-sp/hard\libgcc.a(_udivmoddi4.o)
                0x0000000008001d20                __exidx_end = .
                0x0000000008001d20                . = ALIGN (0x4)

.rel.dyn        0x0000000008001d20        0x0
 .rel.iplt      0x0000000008001d20        0x0 c:/st/stm32cubeide_1.3.0/stm32cubeide/plugins/com.st.stm32cube.ide.mcu.externaltools.gnu-tools-for-stm32.7-2018-q2-update.win32_1.4.0.202007081208/tools/bin/../lib/gcc/arm-none-eabi/7.3.1/thumb/v7e-m/fpv4-sp/hard/crtbegin.o

.preinit_array  0x0000000008001d20        0x0
                0x0000000008001d20                . = ALIGN (0x4)
                0x0000000008001d20                PROVIDE (__preinit_array_start = .)
 *(.preinit_array*)
                0x0000000008001d20                PROVIDE (__preinit_array_end = .)
                0x0000000008001d20                . = ALIGN (0x4)

.init_array     0x0000000008001d20        0x4
                0x0000000008001d20                . = ALIGN (0x4)
                0x0000000008001d20                PROVIDE (__init_array_start = .)
 *(SORT_BY_NAME(.init_array.*))
 *(.init_array*)
 .init_array    0x0000000008001d20        0x4 c:/st/stm32cubeide_1.3.0/stm32cubeide/plugins/com.st.stm32cube.ide.mcu.externaltools.gnu-tools-for-stm32.7-2018-q2-update.win32_1.4.0.202007081208/tools/bin/../lib/gcc/arm-none-eabi/7.3.1/thumb/v7e-m/fpv4-sp/hard/crtbegin.o
                0x0000000008001d24                PROVIDE (__init_array_end = .)
                0x0000000008001d24                . = ALIGN (0x4)

.fini_array     0x0000000008001d24        0x4
                0x0000000008001d24                . = ALIGN (0x4)
                [!provide]                        PROVIDE (__fini_array_start = .)
 *(SORT_BY_NAME(.fini_array.*))
 *(.fini_array*)
 .fini_array    0x0000000008001d24        0x4 c:/st/stm32cubeide_1.3.0/stm32cubeide/plugins/com.st.stm32cube.ide.mcu.externaltools.gnu-tools-for-stm32.7-2018-q2-update.win32_1.4.0.202007081208/tools/bin/../lib/gcc/arm-none-eabi/7.3.1/thumb/v7e-m/fpv4-sp/hard/crtbegin.o
                [!provide]                        PROVIDE (__fini_array_end = .)
                0x0000000008001d28                . = ALIGN (0x4)
                0x0000000008001d28                _sidata = LOADADDR (.data)

.data           0x0000000020000000        0xc load address 0x0000000008001d28
                0x0000000020000000                . = ALIGN (0x4)
                0x0000000020000000                _sdata = .
 *(.data)
 *(.data*)
 .data.SystemCoreClock
                0x0000000020000000        0x4 Core/Src/system_stm32f4xx.o
                0x0000000020000000                SystemCoreClock
 .data.uwTickPrio
                0x0000000020000004        0x4 Drivers/STM32F4xx_HAL_Driver/Src/stm32f4xx_hal.o
                0x0000000020000004                uwTickPrio
 .data.uwTickFreq
                0x0000000020000008        0x1 Drivers/STM32F4xx_HAL_Driver/Src/stm32f4xx_hal.o
                0x0000000020000008                uwTickFreq
                0x000000002000000c                . = ALIGN (0x4)
 *fill*         0x0000000020000009        0x3 
                0x000000002000000c                _edata = .

.igot.plt       0x000000002000000c        0x0 load address 0x0000000008001d34
 .igot.plt      0x000000002000000c        0x0 c:/st/stm32cubeide_1.3.0/stm32cubeide/plugins/com.st.stm32cube.ide.mcu.externaltools.gnu-tools-for-stm32.7-2018-q2-update.win32_1.4.0.202007081208/tools/bin/../lib/gcc/arm-none-eabi/7.3.1/thumb/v7e-m/fpv4-sp/hard/crtbegin.o
                0x000000002000000c                . = ALIGN (0x4)

.bss            0x000000002000000c       0x20 load address 0x0000000008001d34
                0x000000002000000c                _sbss = .
                0x000000002000000c                __bss_start__ = _sbss
 *(.bss)
 .bss           0x000000002000000c       0x1c c:/st/stm32cubeide_1.3.0/stm32cubeide/plugins/com.st.stm32cube.ide.mcu.externaltools.gnu-tools-for-stm32.7-2018-q2-update.win32_1.4.0.202007081208/tools/bin/../lib/gcc/arm-none-eabi/7.3.1/thumb/v7e-m/fpv4-sp/hard/crtbegin.o
 *(.bss*)
 *(COMMON)
 COMMON         0x0000000020000028        0x4 Drivers/STM32F4xx_HAL_Driver/Src/stm32f4xx_hal.o
                0x0000000020000028                uwTick
                0x000000002000002c                . = ALIGN (0x4)
                0x000000002000002c                _ebss = .
                0x000000002000002c                __bss_end__ = _ebss

._user_heap_stack
                0x000000002000002c      0x604 load address 0x0000000008001d34
                0x0000000020000030                . = ALIGN (0x8)
 *fill*         0x000000002000002c        0x4 
                [!provide]                        PROVIDE (end = .)
                0x0000000020000030                PROVIDE (_end = .)
                0x0000000020000230                . = (. + _Min_Heap_Size)
 *fill*         0x0000000020000030      0x200 
                0x0000000020000630                . = (. + _Min_Stack_Size)
 *fill*         0x0000000020000230      0x400 
                0x0000000020000630                . = ALIGN (0x8)

/DISCARD/
 libc.a(*)
 libm.a(*)
 libgcc.a(*)

.ARM.attributes
                0x0000000000000000       0x30
 *(.ARM.attributes)
 .ARM.attributes
                0x0000000000000000       0x22 c:/st/stm32cubeide_1.3.0/stm32cubeide/plugins/com.st.stm32cube.ide.mcu.externaltools.gnu-tools-for-stm32.7-2018-q2-update.win32_1.4.0.202007081208/tools/bin/../lib/gcc/arm-none-eabi/7.3.1/thumb/v7e-m/fpv4-sp/hard/crti.o
 .ARM.attributes
                0x0000000000000022       0x34 c:/st/stm32cubeide_1.3.0/stm32cubeide/plugins/com.st.stm32cube.ide.mcu.externaltools.gnu-tools-for-stm32.7-2018-q2-update.win32_1.4.0.202007081208/tools/bin/../lib/gcc/arm-none-eabi/7.3.1/thumb/v7e-m/fpv4-sp/hard/crtbegin.o
 .ARM.attributes
                0x0000000000000056       0x39 Core/Src/main.o
 .ARM.attributes
                0x000000000000008f       0x39 Core/Src/stm32f4xx_hal_msp.o
 .ARM.attributes
                0x00000000000000c8       0x39 Core/Src/stm32f4xx_it.o
 .ARM.attributes
                0x0000000000000101       0x39 Core/Src/system_stm32f4xx.o
 .ARM.attributes
                0x000000000000013a       0x21 Core/Startup/startup_stm32f401retx.o
 .ARM.attributes
                0x000000000000015b       0x39 Drivers/STM32F4xx_HAL_Driver/Src/stm32f4xx_hal.o
 .ARM.attributes
                0x0000000000000194       0x39 Drivers/STM32F4xx_HAL_Driver/Src/stm32f4xx_hal_cortex.o
 .ARM.attributes
                0x00000000000001cd       0x39 Drivers/STM32F4xx_HAL_Driver/Src/stm32f4xx_hal_rcc.o
 .ARM.attributes
                0x0000000000000206       0x39 LIB/keypad.o
 .ARM.attributes
                0x000000000000023f       0x39 LIB/lcd.o
 .ARM.attributes
                0x0000000000000278       0x39 LIB/stmf32f401re.o
 .ARM.attributes
                0x00000000000002b1       0x34 c:/st/stm32cubeide_1.3.0/stm32cubeide/plugins/com.st.stm32cube.ide.mcu.externaltools.gnu-tools-for-stm32.7-2018-q2-update.win32_1.4.0.202007081208/tools/bin/../lib/gcc/arm-none-eabi/7.3.1/../../../../arm-none-eabi/lib/thumb/v7e-m/fpv4-sp/hard\libc_nano.a(lib_a-init.o)
 .ARM.attributes
                0x00000000000002e5       0x34 c:/st/stm32cubeide_1.3.0/stm32cubeide/plugins/com.st.stm32cube.ide.mcu.externaltools.gnu-tools-for-stm32.7-2018-q2-update.win32_1.4.0.202007081208/tools/bin/../lib/gcc/arm-none-eabi/7.3.1/../../../../arm-none-eabi/lib/thumb/v7e-m/fpv4-sp/hard\libc_nano.a(lib_a-memset.o)
 .ARM.attributes
                0x0000000000000319       0x22 c:/st/stm32cubeide_1.3.0/stm32cubeide/plugins/com.st.stm32cube.ide.mcu.externaltools.gnu-tools-for-stm32.7-2018-q2-update.win32_1.4.0.202007081208/tools/bin/../lib/gcc/arm-none-eabi/7.3.1/thumb/v7e-m/fpv4-sp/hard\libgcc.a(_aeabi_uldivmod.o)
 .ARM.attributes
                0x000000000000033b       0x34 c:/st/stm32cubeide_1.3.0/stm32cubeide/plugins/com.st.stm32cube.ide.mcu.externaltools.gnu-tools-for-stm32.7-2018-q2-update.win32_1.4.0.202007081208/tools/bin/../lib/gcc/arm-none-eabi/7.3.1/thumb/v7e-m/fpv4-sp/hard\libgcc.a(_udivmoddi4.o)
 .ARM.attributes
                0x000000000000036f       0x22 c:/st/stm32cubeide_1.3.0/stm32cubeide/plugins/com.st.stm32cube.ide.mcu.externaltools.gnu-tools-for-stm32.7-2018-q2-update.win32_1.4.0.202007081208/tools/bin/../lib/gcc/arm-none-eabi/7.3.1/thumb/v7e-m/fpv4-sp/hard\libgcc.a(_dvmd_tls.o)
 .ARM.attributes
                0x0000000000000391       0x22 c:/st/stm32cubeide_1.3.0/stm32cubeide/plugins/com.st.stm32cube.ide.mcu.externaltools.gnu-tools-for-stm32.7-2018-q2-update.win32_1.4.0.202007081208/tools/bin/../lib/gcc/arm-none-eabi/7.3.1/thumb/v7e-m/fpv4-sp/hard/crtn.o
OUTPUT(Clase3_TecladoMatricial.elf elf32-littlearm)

.debug_info     0x0000000000000000     0x461d
 .debug_info    0x0000000000000000      0x582 Core/Src/main.o
 .debug_info    0x0000000000000582      0x38c Core/Src/stm32f4xx_hal_msp.o
 .debug_info    0x000000000000090e      0x20a Core/Src/stm32f4xx_it.o
 .debug_info    0x0000000000000b18      0x57e Core/Src/system_stm32f4xx.o
 .debug_info    0x0000000000001096       0x22 Core/Startup/startup_stm32f401retx.o
 .debug_info    0x00000000000010b8      0x8ce Drivers/STM32F4xx_HAL_Driver/Src/stm32f4xx_hal.o
 .debug_info    0x0000000000001986      0xd92 Drivers/STM32F4xx_HAL_Driver/Src/stm32f4xx_hal_cortex.o
 .debug_info    0x0000000000002718      0x929 Drivers/STM32F4xx_HAL_Driver/Src/stm32f4xx_hal_rcc.o
 .debug_info    0x0000000000003041      0x456 LIB/keypad.o
 .debug_info    0x0000000000003497      0xd23 LIB/lcd.o
 .debug_info    0x00000000000041ba      0x463 LIB/stmf32f401re.o

.debug_abbrev   0x0000000000000000      0xfdf
 .debug_abbrev  0x0000000000000000      0x179 Core/Src/main.o
 .debug_abbrev  0x0000000000000179      0x109 Core/Src/stm32f4xx_hal_msp.o
 .debug_abbrev  0x0000000000000282       0xc6 Core/Src/stm32f4xx_it.o
 .debug_abbrev  0x0000000000000348      0x12b Core/Src/system_stm32f4xx.o
 .debug_abbrev  0x0000000000000473       0x12 Core/Startup/startup_stm32f401retx.o
 .debug_abbrev  0x0000000000000485      0x1f2 Drivers/STM32F4xx_HAL_Driver/Src/stm32f4xx_hal.o
 .debug_abbrev  0x0000000000000677      0x2fa Drivers/STM32F4xx_HAL_Driver/Src/stm32f4xx_hal_cortex.o
 .debug_abbrev  0x0000000000000971      0x245 Drivers/STM32F4xx_HAL_Driver/Src/stm32f4xx_hal_rcc.o
 .debug_abbrev  0x0000000000000bb6      0x120 LIB/keypad.o
 .debug_abbrev  0x0000000000000cd6      0x1f8 LIB/lcd.o
 .debug_abbrev  0x0000000000000ece      0x111 LIB/stmf32f401re.o

.debug_aranges  0x0000000000000000      0x450
 .debug_aranges
                0x0000000000000000       0x30 Core/Src/main.o
 .debug_aranges
                0x0000000000000030       0x20 Core/Src/stm32f4xx_hal_msp.o
 .debug_aranges
                0x0000000000000050       0x60 Core/Src/stm32f4xx_it.o
 .debug_aranges
                0x00000000000000b0       0x28 Core/Src/system_stm32f4xx.o
 .debug_aranges
                0x00000000000000d8       0x28 Core/Startup/startup_stm32f401retx.o
 .debug_aranges
                0x0000000000000100       0xf0 Drivers/STM32F4xx_HAL_Driver/Src/stm32f4xx_hal.o
 .debug_aranges
                0x00000000000001f0      0x118 Drivers/STM32F4xx_HAL_Driver/Src/stm32f4xx_hal_cortex.o
 .debug_aranges
                0x0000000000000308       0x88 Drivers/STM32F4xx_HAL_Driver/Src/stm32f4xx_hal_rcc.o
 .debug_aranges
                0x0000000000000390       0x28 LIB/keypad.o
 .debug_aranges
                0x00000000000003b8       0x50 LIB/lcd.o
 .debug_aranges
                0x0000000000000408       0x48 LIB/stmf32f401re.o

.debug_ranges   0x0000000000000000      0x3a8
 .debug_ranges  0x0000000000000000       0x20 Core/Src/main.o
 .debug_ranges  0x0000000000000020       0x10 Core/Src/stm32f4xx_hal_msp.o
 .debug_ranges  0x0000000000000030       0x50 Core/Src/stm32f4xx_it.o
 .debug_ranges  0x0000000000000080       0x18 Core/Src/system_stm32f4xx.o
 .debug_ranges  0x0000000000000098       0x20 Core/Startup/startup_stm32f401retx.o
 .debug_ranges  0x00000000000000b8       0xe0 Drivers/STM32F4xx_HAL_Driver/Src/stm32f4xx_hal.o
 .debug_ranges  0x0000000000000198      0x108 Drivers/STM32F4xx_HAL_Driver/Src/stm32f4xx_hal_cortex.o
 .debug_ranges  0x00000000000002a0       0x78 Drivers/STM32F4xx_HAL_Driver/Src/stm32f4xx_hal_rcc.o
 .debug_ranges  0x0000000000000318       0x18 LIB/keypad.o
 .debug_ranges  0x0000000000000330       0x40 LIB/lcd.o
 .debug_ranges  0x0000000000000370       0x38 LIB/stmf32f401re.o

.debug_macro    0x0000000000000000    0x14a7f
 .debug_macro   0x0000000000000000      0x1da Core/Src/main.o
 .debug_macro   0x00000000000001da      0xa5a Core/Src/main.o
 .debug_macro   0x0000000000000c34      0x288 Core/Src/main.o
 .debug_macro   0x0000000000000ebc       0x2e Core/Src/main.o
 .debug_macro   0x0000000000000eea       0x28 Core/Src/main.o
 .debug_macro   0x0000000000000f12       0x22 Core/Src/main.o
 .debug_macro   0x0000000000000f34       0x8e Core/Src/main.o
 .debug_macro   0x0000000000000fc2       0x51 Core/Src/main.o
 .debug_macro   0x0000000000001013       0xef Core/Src/main.o
 .debug_macro   0x0000000000001102       0x6a Core/Src/main.o
 .debug_macro   0x000000000000116c      0x1df Core/Src/main.o
 .debug_macro   0x000000000000134b       0x1c Core/Src/main.o
 .debug_macro   0x0000000000001367       0x22 Core/Src/main.o
 .debug_macro   0x0000000000001389       0xdf Core/Src/main.o
 .debug_macro   0x0000000000001468     0x102d Core/Src/main.o
 .debug_macro   0x0000000000002495      0x11f Core/Src/main.o
 .debug_macro   0x00000000000025b4     0xb850 Core/Src/main.o
 .debug_macro   0x000000000000de04       0x43 Core/Src/main.o
 .debug_macro   0x000000000000de47     0x3659 Core/Src/main.o
 .debug_macro   0x00000000000114a0      0x174 Core/Src/main.o
 .debug_macro   0x0000000000011614       0x5a Core/Src/main.o
 .debug_macro   0x000000000001166e      0x416 Core/Src/main.o
 .debug_macro   0x0000000000011a84      0x9fe Core/Src/main.o
 .debug_macro   0x0000000000012482      0x117 Core/Src/main.o
 .debug_macro   0x0000000000012599       0xf8 Core/Src/main.o
 .debug_macro   0x0000000000012691       0x27 Core/Src/main.o
 .debug_macro   0x00000000000126b8      0x15f Core/Src/main.o
 .debug_macro   0x0000000000012817      0x287 Core/Src/main.o
 .debug_macro   0x0000000000012a9e       0x5f Core/Src/main.o
 .debug_macro   0x0000000000012afd      0x236 Core/Src/main.o
 .debug_macro   0x0000000000012d33      0x132 Core/Src/main.o
 .debug_macro   0x0000000000012e65      0x264 Core/Src/main.o
 .debug_macro   0x00000000000130c9       0x2e Core/Src/main.o
 .debug_macro   0x00000000000130f7      0x11a Core/Src/main.o
 .debug_macro   0x0000000000013211       0x85 Core/Src/main.o
 .debug_macro   0x0000000000013296       0x89 Core/Src/main.o
 .debug_macro   0x000000000001331f      0x126 Core/Src/main.o
 .debug_macro   0x0000000000013445       0xbe Core/Src/main.o
 .debug_macro   0x0000000000013503       0x52 Core/Src/main.o
 .debug_macro   0x0000000000013555      0x1ba Core/Src/stm32f4xx_hal_msp.o
 .debug_macro   0x000000000001370f      0x1c4 Core/Src/stm32f4xx_it.o
 .debug_macro   0x00000000000138d3      0x1b6 Core/Src/system_stm32f4xx.o
 .debug_macro   0x0000000000013a89      0x210 Drivers/STM32F4xx_HAL_Driver/Src/stm32f4xx_hal.o
 .debug_macro   0x0000000000013c99      0x1b0 Drivers/STM32F4xx_HAL_Driver/Src/stm32f4xx_hal_cortex.o
 .debug_macro   0x0000000000013e49      0x1d4 Drivers/STM32F4xx_HAL_Driver/Src/stm32f4xx_hal_rcc.o
 .debug_macro   0x000000000001401d      0x1c3 LIB/keypad.o
 .debug_macro   0x00000000000141e0       0x4c LIB/keypad.o
 .debug_macro   0x000000000001422c      0x319 LIB/lcd.o
 .debug_macro   0x0000000000014545       0x46 LIB/lcd.o
 .debug_macro   0x000000000001458b       0x16 LIB/lcd.o
 .debug_macro   0x00000000000145a1      0x32a LIB/lcd.o
 .debug_macro   0x00000000000148cb      0x1b4 LIB/stmf32f401re.o

.debug_line     0x0000000000000000     0x4f04
 .debug_line    0x0000000000000000      0x70f Core/Src/main.o
 .debug_line    0x000000000000070f      0x678 Core/Src/stm32f4xx_hal_msp.o
 .debug_line    0x0000000000000d87      0x71c Core/Src/stm32f4xx_it.o
 .debug_line    0x00000000000014a3      0x693 Core/Src/system_stm32f4xx.o
 .debug_line    0x0000000000001b36       0x85 Core/Startup/startup_stm32f401retx.o
 .debug_line    0x0000000000001bbb      0x87d Drivers/STM32F4xx_HAL_Driver/Src/stm32f4xx_hal.o
 .debug_line    0x0000000000002438      0x9a1 Drivers/STM32F4xx_HAL_Driver/Src/stm32f4xx_hal_cortex.o
 .debug_line    0x0000000000002dd9      0x8d5 Drivers/STM32F4xx_HAL_Driver/Src/stm32f4xx_hal_rcc.o
 .debug_line    0x00000000000036ae      0x7cd LIB/keypad.o
 .debug_line    0x0000000000003e7b      0x983 LIB/lcd.o
 .debug_line    0x00000000000047fe      0x706 LIB/stmf32f401re.o

.debug_str      0x0000000000000000    0x8200e
 .debug_str     0x0000000000000000    0x7ccd5 Core/Src/main.o
                                      0x7cf60 (size before relaxing)
 .debug_str     0x000000000007ccd5       0x68 Core/Src/stm32f4xx_hal_msp.o
                                      0x7c897 (size before relaxing)
 .debug_str     0x000000000007cd3d       0xbd Core/Src/stm32f4xx_it.o
                                      0x7c813 (size before relaxing)
 .debug_str     0x000000000007cdfa       0xc4 Core/Src/system_stm32f4xx.o
                                      0x7c91e (size before relaxing)
 .debug_str     0x000000000007cebe       0x36 Core/Startup/startup_stm32f401retx.o
                                         0x72 (size before relaxing)
 .debug_str     0x000000000007cef4      0x916 Drivers/STM32F4xx_HAL_Driver/Src/stm32f4xx_hal.o
                                      0x7d289 (size before relaxing)
 .debug_str     0x000000000007d80a      0x3aa Drivers/STM32F4xx_HAL_Driver/Src/stm32f4xx_hal_cortex.o
                                      0x7d066 (size before relaxing)
 .debug_str     0x000000000007dbb4      0x2cc Drivers/STM32F4xx_HAL_Driver/Src/stm32f4xx_hal_rcc.o
                                      0x7cd0b (size before relaxing)
 .debug_str     0x000000000007de80       0x35 LIB/keypad.o
                                      0x7ca87 (size before relaxing)
 .debug_str     0x000000000007deb5     0x410c LIB/lcd.o
                                      0x80d70 (size before relaxing)
 .debug_str     0x0000000000081fc1       0x4d LIB/stmf32f401re.o
                                      0x7c8d9 (size before relaxing)

.comment        0x0000000000000000       0x7b
 .comment       0x0000000000000000       0x7b Core/Src/main.o
                                         0x7c (size before relaxing)
 .comment       0x000000000000007b       0x7c Core/Src/stm32f4xx_hal_msp.o
 .comment       0x000000000000007b       0x7c Core/Src/stm32f4xx_it.o
 .comment       0x000000000000007b       0x7c Core/Src/system_stm32f4xx.o
 .comment       0x000000000000007b       0x7c Drivers/STM32F4xx_HAL_Driver/Src/stm32f4xx_hal.o
 .comment       0x000000000000007b       0x7c Drivers/STM32F4xx_HAL_Driver/Src/stm32f4xx_hal_cortex.o
 .comment       0x000000000000007b       0x7c Drivers/STM32F4xx_HAL_Driver/Src/stm32f4xx_hal_rcc.o
 .comment       0x000000000000007b       0x7c LIB/keypad.o
 .comment       0x000000000000007b       0x7c LIB/lcd.o
 .comment       0x000000000000007b       0x7c LIB/stmf32f401re.o

.debug_frame    0x0000000000000000      0xeec
 .debug_frame   0x0000000000000000       0x74 Core/Src/main.o
 .debug_frame   0x0000000000000074       0x38 Core/Src/stm32f4xx_hal_msp.o
 .debug_frame   0x00000000000000ac      0x10c Core/Src/stm32f4xx_it.o
 .debug_frame   0x00000000000001b8       0x58 Core/Src/system_stm32f4xx.o
 .debug_frame   0x0000000000000210      0x374 Drivers/STM32F4xx_HAL_Driver/Src/stm32f4xx_hal.o
 .debug_frame   0x0000000000000584      0x498 Drivers/STM32F4xx_HAL_Driver/Src/stm32f4xx_hal_cortex.o
 .debug_frame   0x0000000000000a1c      0x1f0 Drivers/STM32F4xx_HAL_Driver/Src/stm32f4xx_hal_rcc.o
 .debug_frame   0x0000000000000c0c       0x58 LIB/keypad.o
 .debug_frame   0x0000000000000c64      0x104 LIB/lcd.o
 .debug_frame   0x0000000000000d68       0xd8 LIB/stmf32f401re.o
 .debug_frame   0x0000000000000e40       0x2c c:/st/stm32cubeide_1.3.0/stm32cubeide/plugins/com.st.stm32cube.ide.mcu.externaltools.gnu-tools-for-stm32.7-2018-q2-update.win32_1.4.0.202007081208/tools/bin/../lib/gcc/arm-none-eabi/7.3.1/../../../../arm-none-eabi/lib/thumb/v7e-m/fpv4-sp/hard\libc_nano.a(lib_a-init.o)
 .debug_frame   0x0000000000000e6c       0x20 c:/st/stm32cubeide_1.3.0/stm32cubeide/plugins/com.st.stm32cube.ide.mcu.externaltools.gnu-tools-for-stm32.7-2018-q2-update.win32_1.4.0.202007081208/tools/bin/../lib/gcc/arm-none-eabi/7.3.1/../../../../arm-none-eabi/lib/thumb/v7e-m/fpv4-sp/hard\libc_nano.a(lib_a-memset.o)
 .debug_frame   0x0000000000000e8c       0x2c c:/st/stm32cubeide_1.3.0/stm32cubeide/plugins/com.st.stm32cube.ide.mcu.externaltools.gnu-tools-for-stm32.7-2018-q2-update.win32_1.4.0.202007081208/tools/bin/../lib/gcc/arm-none-eabi/7.3.1/thumb/v7e-m/fpv4-sp/hard\libgcc.a(_aeabi_uldivmod.o)
 .debug_frame   0x0000000000000eb8       0x34 c:/st/stm32cubeide_1.3.0/stm32cubeide/plugins/com.st.stm32cube.ide.mcu.externaltools.gnu-tools-for-stm32.7-2018-q2-update.win32_1.4.0.202007081208/tools/bin/../lib/gcc/arm-none-eabi/7.3.1/thumb/v7e-m/fpv4-sp/hard\libgcc.a(_udivmoddi4.o)
