15:15:38 **** Incremental Build of configuration Debug for project Clase4_RCC_HSE ****
make -j2 all 
arm-none-eabi-gcc "../Core/Src/main.c" -mcpu=cortex-m4 -std=gnu11 -g3 -DUSE_HAL_DRIVER -DSTM32F401xE -DDEBUG -c -I../Core/Inc -I../Drivers/STM32F4xx_HAL_Driver/Inc -I../Drivers/STM32F4xx_HAL_Driver/Inc/Legacy -I../Drivers/CMSIS/Device/ST/STM32F4xx/Include -I../Drivers/CMSIS/Include -I"C:/Users/USER/Documents/ARM_Projects/Librerias/inc" -O0 -ffunction-sections -fdata-sections -Wall -fstack-usage -MMD -MP -MF"Core/Src/main.d" -MT"Core/Src/main.o" --specs=nano.specs -mfpu=fpv4-sp-d16 -mfloat-abi=hard -mthumb -o "Core/Src/main.o"
arm-none-eabi-gcc -o "Clase4_RCC_HSE.elf" @"objects.list"   -mcpu=cortex-m4 -T"C:\Users\USER\Documents\ARM_Projects\Clase4_RCC_HSE\STM32F401RETX_FLASH.ld" --specs=nosys.specs -Wl,-Map="Clase4_RCC_HSE.map" -Wl,--gc-sections -static --specs=nano.specs -mfpu=fpv4-sp-d16 -mfloat-abi=hard -mthumb -Wl,--start-group -lc -lm -Wl,--end-group
Finished building target: Clase4_RCC_HSE.elf
 
arm-none-eabi-objdump -h -S  Clase4_RCC_HSE.elf  > "Clase4_RCC_HSE.list"
arm-none-eabi-objcopy  -O binary  Clase4_RCC_HSE.elf  "Clase4_RCC_HSE.bin"
Finished building: Clase4_RCC_HSE.list
Finished building: Clase4_RCC_HSE.bin
 
 
arm-none-eabi-size   Clase4_RCC_HSE.elf 
   text	   data	    bss	    dec	    hex	filename
   1760	     12	   1572	   3344	    d10	Clase4_RCC_HSE.elf
Finished building: default.size.stdout
 

15:15:42 Build Finished. 0 errors, 0 warnings. (took 4s.37ms)

