23:26:48 **** Incremental Build of configuration Debug for project Clase5_Interrupciones_Encoder ****
make -j2 all 
arm-none-eabi-gcc "../Core/Src/main.c" -mcpu=cortex-m4 -std=gnu11 -g3 -DUSE_HAL_DRIVER -DSTM32F401xE -DDEBUG -c -I../Core/Inc -I../Drivers/STM32F4xx_HAL_Driver/Inc -I../Drivers/STM32F4xx_HAL_Driver/Inc/Legacy -I../Drivers/CMSIS/Device/ST/STM32F4xx/Include -I../Drivers/CMSIS/Include -I"C:/Users/USER/Documents/ARM_Projects/Librerias/inc" -O0 -ffunction-sections -fdata-sections -Wall -fstack-usage -MMD -MP -MF"Core/Src/main.d" -MT"Core/Src/main.o" --specs=nano.specs -mfpu=fpv4-sp-d16 -mfloat-abi=hard -mthumb -o "Core/Src/main.o"
../Core/Src/main.c: In function 'main':
../Core/Src/main.c:173:27: warning: implicit declaration of function 'strlen' [-Wimplicit-function-declaration]
    lcd_puts(str_contador, strlen(str_contador));
                           ^~~~~~
../Core/Src/main.c:173:27: warning: incompatible implicit declaration of built-in function 'strlen'
../Core/Src/main.c:173:27: note: include '<string.h>' or provide a declaration of 'strlen'
arm-none-eabi-gcc -o "Clase5_Interrupciones_Encoder.elf" @"objects.list"   -mcpu=cortex-m4 -T"C:\Users\USER\Documents\ARM_Projects\Clase5_Interrupciones_Encoder\STM32F401RETX_FLASH.ld" --specs=nosys.specs -Wl,-Map="Clase5_Interrupciones_Encoder.map" -Wl,--gc-sections -static --specs=nano.specs -mfpu=fpv4-sp-d16 -mfloat-abi=hard -mthumb -Wl,--start-group -lc -lm -Wl,--end-group
Finished building target: Clase5_Interrupciones_Encoder.elf
 
arm-none-eabi-objdump -h -S  Clase5_Interrupciones_Encoder.elf  > "Clase5_Interrupciones_Encoder.list"
arm-none-eabi-objcopy  -O binary  Clase5_Interrupciones_Encoder.elf  "Clase5_Interrupciones_Encoder.bin"
Finished building: Clase5_Interrupciones_Encoder.list
Finished building: Clase5_Interrupciones_Encoder.bin
 
 
arm-none-eabi-size   Clase5_Interrupciones_Encoder.elf 
   text	   data	    bss	    dec	    hex	filename
   9244	    120	   1592	  10956	   2acc	Clase5_Interrupciones_Encoder.elf
Finished building: default.size.stdout
 

23:26:54 Build Finished. 0 errors, 2 warnings. (took 5s.747ms)

