20:48:14 **** Incremental Build of configuration Debug for project Clase4_RCCCLOCK ****
make -j2 all 
arm-none-eabi-gcc "../Core/Src/main.c" -mcpu=cortex-m4 -std=gnu11 -g3 -DUSE_HAL_DRIVER -DSTM32F401xE -DDEBUG -c -I../Core/Inc -I../Drivers/STM32F4xx_HAL_Driver/Inc -I../Drivers/STM32F4xx_HAL_Driver/Inc/Legacy -I../Drivers/CMSIS/Device/ST/STM32F4xx/Include -I../Drivers/CMSIS/Include -I"C:/Users/USER/Documents/ARM_Projects/Librerias/inc" -O0 -ffunction-sections -fdata-sections -Wall -fstack-usage -MMD -MP -MF"Core/Src/main.d" -MT"Core/Src/main.o" --specs=nano.specs -mfpu=fpv4-sp-d16 -mfloat-abi=hard -mthumb -o "Core/Src/main.o"
arm-none-eabi-gcc -o "Clase4_RCCCLOCK.elf" @"objects.list"   -mcpu=cortex-m4 -T"C:\Users\USER\Documents\ARM_Projects\Clase4_RCCCLOCK\STM32F401RETX_FLASH.ld" --specs=nosys.specs -Wl,-Map="Clase4_RCCCLOCK.map" -Wl,--gc-sections -static --specs=nano.specs -mfpu=fpv4-sp-d16 -mfloat-abi=hard -mthumb -Wl,--start-group -lc -lm -Wl,--end-group
Finished building target: Clase4_RCCCLOCK.elf
 
arm-none-eabi-objdump -h -S  Clase4_RCCCLOCK.elf  > "Clase4_RCCCLOCK.list"
arm-none-eabi-objcopy  -O binary  Clase4_RCCCLOCK.elf  "Clase4_RCCCLOCK.bin"
Finished building: Clase4_RCCCLOCK.bin
Finished building: Clase4_RCCCLOCK.list
 
arm-none-eabi-size   Clase4_RCCCLOCK.elf 
 
   text	   data	    bss	    dec	    hex	filename
   1128	     12	   1572	   2712	    a98	Clase4_RCCCLOCK.elf
Finished building: default.size.stdout
 

20:48:19 Build Finished. 0 errors, 0 warnings. (took 4s.513ms)

